[0.073s] Invoking command in '/root/drone_control/build/drone_control_cpp': /usr/bin/cmake /root/drone_control/src/drone_control_cpp -DCMAKE_INSTALL_PREFIX=/root/drone_control/install/drone_control_cpp
[0.112s] -- The C compiler identification is GNU 11.4.0
[0.151s] -- The CXX compiler identification is GNU 11.4.0
[0.156s] -- Detecting C compiler ABI info
[0.201s] -- Detecting C compiler ABI info - done
[0.207s] -- Check for working C compiler: /usr/bin/cc - skipped
[0.207s] -- Detecting C compile features
[0.207s] -- Detecting C compile features - done
[0.210s] -- Detecting CXX compiler ABI info
[0.265s] -- Detecting CXX compiler ABI info - done
[0.271s] -- Check for working CXX compiler: /usr/bin/c++ - skipped
[0.271s] -- Detecting CXX compile features
[0.272s] -- Detecting CXX compile features - done
[0.274s] -- Found ament_cmake: 1.3.8 (/opt/ros/humble/share/ament_cmake/cmake)
[0.365s] -- Found Python3: /usr/bin/python3 (found version "3.10.12") found components: Interpreter 
[0.426s] -- Found ament_lint_auto: 0.12.10 (/opt/ros/humble/share/ament_lint_auto/cmake)
[0.464s] Error parsing '/root/drone_control/src/drone_control_cpp/package.xml':
[0.464s] Traceback (most recent call last):
[0.464s]   File "/usr/lib/python3/dist-packages/catkin_pkg/package.py", line 610, in parse_package_string
[0.464s]     root = dom.parseString(data)
[0.464s]   File "/usr/lib/python3.10/xml/dom/minidom.py", line 2000, in parseString
[0.464s]     return expatbuilder.parseString(string)
[0.464s]   File "/usr/lib/python3.10/xml/dom/expatbuilder.py", line 925, in parseString
[0.464s]     return builder.parseString(string)
[0.464s]   File "/usr/lib/python3.10/xml/dom/expatbuilder.py", line 223, in parseString
[0.464s]     parser.Parse(string, True)
[0.465s] xml.parsers.expat.ExpatError: junk after document element: line 19, column 0
[0.465s] 
[0.465s] During handling of the above exception, another exception occurred:
[0.465s] 
[0.465s] Traceback (most recent call last):
[0.465s]   File "/opt/ros/humble/share/ament_cmake_core/cmake/core/package_xml_2_cmake.py", line 150, in <module>
[0.465s]     main()
[0.465s]   File "/opt/ros/humble/share/ament_cmake_core/cmake/core/package_xml_2_cmake.py", line 53, in main
[0.465s]     raise e
[0.465s]   File "/opt/ros/humble/share/ament_cmake_core/cmake/core/package_xml_2_cmake.py", line 49, in main
[0.465s]     package = parse_package_string(
[0.465s]   File "/usr/lib/python3/dist-packages/catkin_pkg/package.py", line 612, in parse_package_string
[0.465s]     raise InvalidPackage('The manifest contains invalid XML:\n%s' % ex, filename)
[0.465s] catkin_pkg.package.InvalidPackage: Error(s) in package '/root/drone_control/src/drone_control_cpp/package.xml':
[0.465s] The manifest contains invalid XML:
[0.465s] junk after document element: line 19, column 0
[0.470s] [31mCMake Error at /opt/ros/humble/share/ament_cmake_core/cmake/core/ament_package_xml.cmake:95 (message):
[0.470s]   execute_process(/usr/bin/python3
[0.470s]   /opt/ros/humble/share/ament_cmake_core/cmake/core/package_xml_2_cmake.py
[0.470s]   /root/drone_control/src/drone_control_cpp/package.xml
[0.470s]   /root/drone_control/build/drone_control_cpp/ament_cmake_core/package.cmake)
[0.470s]   returned error code 1
[0.470s] Call Stack (most recent call first):
[0.470s]   /opt/ros/humble/share/ament_cmake_core/cmake/core/ament_package_xml.cmake:49 (_ament_package_xml)
[0.470s]   /opt/ros/humble/share/ament_lint_auto/cmake/ament_lint_auto_find_test_dependencies.cmake:31 (ament_package_xml)
[0.470s]   CMakeLists.txt:23 (ament_lint_auto_find_test_dependencies)
[0.470s] 
[0.470s] [0m
[0.471s] -- Configuring incomplete, errors occurred!
[0.471s] See also "/root/drone_control/build/drone_control_cpp/CMakeFiles/CMakeOutput.log".
